apiVersion: v1
kind: Namespace
metadata:
  annotations: {}
  labels:
    name: syn-exporter-filterproxy
  name: syn-exporter-filterproxy
