apiVersion: rbac.authorization.k8s.io/v1
kind: ClusterRoleBinding
metadata:
  annotations: {}
  labels:
    app.kubernetes.io/managed-by: syn
    app.kubernetes.io/name: exporter-filterproxy
    name: syn-exporter-filterproxy
  name: syn-exporter-filterproxy
roleRef:
  apiGroup: rbac.authorization.k8s.io
  kind: ClusterRole
  name: syn-exporter-filterproxy
subjects:
  - kind: ServiceAccount
    name: exporter-filterproxy
    namespace: syn-exporter-filterproxy
