apiVersion: v1
kind: ServiceAccount
metadata:
  annotations: {}
  labels:
    app.kubernetes.io/managed-by: syn
    app.kubernetes.io/name: exporter-filterproxy
    name: exporter-filterproxy
  name: exporter-filterproxy
  namespace: syn-exporter-filterproxy
