apiVersion: v1
data:
  config.yml: |-
    "addr": ":8080"
    "endpoints":
      "kube_state_metrics":
        "auth":
          "type": "Kubernetes"
        "insecure_skip_verify": true
        "path": "/kube-state-metrics"
        "refresh_interval": "5s"
        "target": "https://kubestatemetrics-infra.monitoring.svc.cluster.local:8443/metrics"
kind: ConfigMap
metadata:
  annotations: {}
  labels:
    app.kubernetes.io/managed-by: syn
    app.kubernetes.io/name: exporter-filterproxy
    name: exporter-filterproxy
  name: exporter-filterproxy
  namespace: syn-exporter-filterproxy
