apiVersion: v1
kind: Service
metadata:
  annotations: {}
  labels:
    app.kubernetes.io/managed-by: syn
    app.kubernetes.io/name: exporter-filterproxy
    name: exporter-filterproxy
  name: exporter-filterproxy
  namespace: syn-exporter-filterproxy
spec:
  ports:
    - name: metrics
      port: 80
      targetPort: 80
  selector:
    app.kubernetes.io/managed-by: syn
    app.kubernetes.io/name: exporter-filterproxy
    name: exporter-filterproxy
  type: ClusterIP
